PASS /NhapMonLuatHoc-LuyenDe 320 keyboard
PASS /NhapMonLuatHoc-LuyenDe 320 touch
PASS /NhapMonLuatHoc-LuyenDe 390 keyboard
PASS /NhapMonLuatHoc-LuyenDe 390 touch
PASS /KTQT-LuyenDe 320 keyboard
PASS /KTQT-LuyenDe 320 touch
PASS /KTQT-LuyenDe 390 keyboard
PASS /KTQT-LuyenDe 390 touch
PASS /LTMQT-LuyenDe 320 keyboard
PASS /LTMQT-LuyenDe 320 touch
PASS /LTMQT-LuyenDe 390 keyboard
PASS /LTMQT-LuyenDe 390 touch
PASS /NLTTTC-LuyenDe 320 keyboard
PASS /NLTTTC-LuyenDe 320 touch
PASS /NLTTTC-LuyenDe 390 keyboard
PASS /NLTTTC-LuyenDe 390 touch
PASS /NguyenLyKeToan-LuyenDe 320 keyboard
PASS /NguyenLyKeToan-LuyenDe 320 touch
PASS /NguyenLyKeToan-LuyenDe 390 keyboard
PASS /NguyenLyKeToan-LuyenDe 390 touch
PASS /TCCN-LuyenDe 320 keyboard
PASS /TCCN-LuyenDe 320 touch
PASS /TCCN-LuyenDe 390 keyboard
PASS /TCCN-LuyenDe 390 touch
