RENDER THEORY-KTTC-ch1-320
RENDER THEORY-KTTC-ch2-320
RENDER THEORY-KTTC-ch3-320
RENDER THEORY-KTTC-ch4-320
RENDER THEORY-KTTC-ch5-320
RENDER THEORY-KTTC-ch6-320
RENDER THEORY-KTTC-review-320
RENDER THEORY-KTTC-ch1-390
RENDER THEORY-KTTC-ch2-390
RENDER THEORY-KTTC-ch3-390
RENDER THEORY-KTTC-ch4-390
RENDER THEORY-KTTC-ch5-390
RENDER THEORY-KTTC-ch6-390
RENDER THEORY-KTTC-review-390
RENDER THEORY-KTTC-ch1-768
RENDER THEORY-KTTC-ch2-768
RENDER THEORY-KTTC-ch3-768
RENDER THEORY-KTTC-ch4-768
RENDER THEORY-KTTC-ch5-768
RENDER THEORY-KTTC-ch6-768
RENDER THEORY-KTTC-review-768
RENDER THEORY-KTTC-ch1-1366
RENDER THEORY-KTTC-ch2-1366
RENDER THEORY-KTTC-ch3-1366
RENDER THEORY-KTTC-ch4-1366
RENDER THEORY-KTTC-ch5-1366
RENDER THEORY-KTTC-ch6-1366
RENDER THEORY-KTTC-review-1366
RENDER THEORY-TCCN-ch1-320
RENDER THEORY-TCCN-ch2-320
RENDER THEORY-TCCN-ch3-320
RENDER THEORY-TCCN-ch4-320
RENDER THEORY-TCCN-ch5-320
RENDER THEORY-TCCN-ch6-320
RENDER THEORY-TCCN-review-320
RENDER THEORY-TCCN-ch1-390
RENDER THEORY-TCCN-ch2-390
RENDER THEORY-TCCN-ch3-390
RENDER THEORY-TCCN-ch4-390
RENDER THEORY-TCCN-ch5-390
RENDER THEORY-TCCN-ch6-390
RENDER THEORY-TCCN-review-390
RENDER THEORY-TCCN-ch1-768
RENDER THEORY-TCCN-ch2-768
RENDER THEORY-TCCN-ch3-768
RENDER THEORY-TCCN-ch4-768
RENDER THEORY-TCCN-ch5-768
RENDER THEORY-TCCN-ch6-768
RENDER THEORY-TCCN-review-768
RENDER THEORY-TCCN-ch1-1366
RENDER THEORY-TCCN-ch2-1366
RENDER THEORY-TCCN-ch3-1366
RENDER THEORY-TCCN-ch4-1366
RENDER THEORY-TCCN-ch5-1366
RENDER THEORY-TCCN-ch6-1366
RENDER THEORY-TCCN-review-1366
RENDER THEORY-NLTTTC-ch1-320
RENDER THEORY-NLTTTC-ch2-320
RENDER THEORY-NLTTTC-ch3-320
RENDER THEORY-NLTTTC-ch4-320
RENDER THEORY-NLTTTC-ch5-320
RENDER THEORY-NLTTTC-ch6-320
RENDER THEORY-NLTTTC-review-320
RENDER THEORY-NLTTTC-ch1-390
RENDER THEORY-NLTTTC-ch2-390
RENDER THEORY-NLTTTC-ch3-390
RENDER THEORY-NLTTTC-ch4-390
RENDER THEORY-NLTTTC-ch5-390
RENDER THEORY-NLTTTC-ch6-390
RENDER THEORY-NLTTTC-review-390
RENDER THEORY-NLTTTC-ch1-768
RENDER THEORY-NLTTTC-ch2-768
RENDER THEORY-NLTTTC-ch3-768
RENDER THEORY-NLTTTC-ch4-768
RENDER THEORY-NLTTTC-ch5-768
RENDER THEORY-NLTTTC-ch6-768
RENDER THEORY-NLTTTC-review-768
RENDER THEORY-NLTTTC-ch1-1366
RENDER THEORY-NLTTTC-ch2-1366
RENDER THEORY-NLTTTC-ch3-1366
RENDER THEORY-NLTTTC-ch4-1366
RENDER THEORY-NLTTTC-ch5-1366
RENDER THEORY-NLTTTC-ch6-1366
RENDER THEORY-NLTTTC-review-1366
RENDER THEORY-TLUD-ch1-320
RENDER THEORY-TLUD-ch2-320
RENDER THEORY-TLUD-ch3-320
RENDER THEORY-TLUD-ch4-320
RENDER THEORY-TLUD-ch5-320
RENDER THEORY-TLUD-ch6-320
RENDER THEORY-TLUD-ch7-320
RENDER THEORY-TLUD-review-320
RENDER THEORY-TLUD-ch1-390
RENDER THEORY-TLUD-ch2-390
RENDER THEORY-TLUD-ch3-390
RENDER THEORY-TLUD-ch4-390
RENDER THEORY-TLUD-ch5-390
RENDER THEORY-TLUD-ch6-390
RENDER THEORY-TLUD-ch7-390
RENDER THEORY-TLUD-review-390
RENDER THEORY-TLUD-ch1-768
RENDER THEORY-TLUD-ch2-768
RENDER THEORY-TLUD-ch3-768
RENDER THEORY-TLUD-ch4-768
RENDER THEORY-TLUD-ch5-768
RENDER THEORY-TLUD-ch6-768
RENDER THEORY-TLUD-ch7-768
RENDER THEORY-TLUD-review-768
RENDER THEORY-TLUD-ch1-1366
RENDER THEORY-TLUD-ch2-1366
RENDER THEORY-TLUD-ch3-1366
RENDER THEORY-TLUD-ch4-1366
RENDER THEORY-TLUD-ch5-1366
RENDER THEORY-TLUD-ch6-1366
RENDER THEORY-TLUD-ch7-1366
RENDER THEORY-TLUD-review-1366
