PASS /NhapMonLuatHoc-LuyenDe long account / online 1234 / navigation 320
PASS /NhapMonLuatHoc-LuyenDe long account / online 1234 / navigation 390
PASS /NhapMonLuatHoc-LuyenDe long account / online 1234 / navigation 768
PASS /NhapMonLuatHoc-LuyenDe long account / online 1234 / navigation 1279
PASS /NhapMonLuatHoc-LuyenDe long account / online 1234 / navigation 1280
PASS /NhapMonLuatHoc-LuyenDe long account / online 1234 / navigation 1366
PASS /KTQT-LuyenDe long account / online 1234 / navigation 320
PASS /KTQT-LuyenDe long account / online 1234 / navigation 390
PASS /KTQT-LuyenDe long account / online 1234 / navigation 768
PASS /KTQT-LuyenDe long account / online 1234 / navigation 1279
PASS /KTQT-LuyenDe long account / online 1234 / navigation 1280
PASS /KTQT-LuyenDe long account / online 1234 / navigation 1366
PASS /LTMQT-LuyenDe long account / online 1234 / navigation 320
PASS /LTMQT-LuyenDe long account / online 1234 / navigation 390
PASS /LTMQT-LuyenDe long account / online 1234 / navigation 768
PASS /LTMQT-LuyenDe long account / online 1234 / navigation 1279
PASS /LTMQT-LuyenDe long account / online 1234 / navigation 1280
PASS /LTMQT-LuyenDe long account / online 1234 / navigation 1366
PASS /NLTTTC-LuyenDe long account / online 1234 / navigation 320
PASS /NLTTTC-LuyenDe long account / online 1234 / navigation 390
PASS /NLTTTC-LuyenDe long account / online 1234 / navigation 768
PASS /NLTTTC-LuyenDe long account / online 1234 / navigation 1279
PASS /NLTTTC-LuyenDe long account / online 1234 / navigation 1280
PASS /NLTTTC-LuyenDe long account / online 1234 / navigation 1366
PASS /TCCN-LuyenDe long account / online 1234 / navigation 320
PASS /TCCN-LuyenDe long account / online 1234 / navigation 390
PASS /TCCN-LuyenDe long account / online 1234 / navigation 768
PASS /TCCN-LuyenDe long account / online 1234 / navigation 1279
PASS /TCCN-LuyenDe long account / online 1234 / navigation 1280
PASS /TCCN-LuyenDe long account / online 1234 / navigation 1366
PASS /NguyenLyKeToan-LuyenDe long account / online 1234 / navigation 320
PASS /NguyenLyKeToan-LuyenDe long account / online 1234 / navigation 390
PASS /NguyenLyKeToan-LuyenDe long account / online 1234 / navigation 768
PASS /NguyenLyKeToan-LuyenDe long account / online 1234 / navigation 1279
PASS /NguyenLyKeToan-LuyenDe long account / online 1234 / navigation 1280
PASS /NguyenLyKeToan-LuyenDe long account / online 1234 / navigation 1366
PASS TCCN real interval expiry 390
PASS TCCN real interval expiry 1366
