PASS NMLH keyboard, TOC, long header 320
PASS NMLH keyboard, TOC, long header 390
PASS NMLH keyboard, TOC, long header 768
PASS NMLH keyboard, TOC, long header 1366
PASS KTCTMLN keyboard, TOC, long header 320
PASS KTCTMLN keyboard, TOC, long header 390
PASS KTCTMLN keyboard, TOC, long header 768
PASS KTCTMLN keyboard, TOC, long header 1366
PASS KTTC keyboard, TOC, long header 320
PASS KTTC keyboard, TOC, long header 390
PASS KTTC keyboard, TOC, long header 768
PASS KTTC keyboard, TOC, long header 1366
PASS NLKT keyboard, TOC, long header 320
PASS NLKT keyboard, TOC, long header 390
PASS NLKT keyboard, TOC, long header 768
PASS NLKT keyboard, TOC, long header 1366
PASS KTQT keyboard, TOC, long header 320
PASS KTQT keyboard, TOC, long header 390
PASS KTQT keyboard, TOC, long header 768
PASS KTQT keyboard, TOC, long header 1366
PASS TCCN keyboard, TOC, long header 320
PASS TCCN keyboard, TOC, long header 390
PASS TCCN keyboard, TOC, long header 768
PASS TCCN keyboard, TOC, long header 1366
PASS NLTTTC keyboard, TOC, long header 320
PASS NLTTTC keyboard, TOC, long header 390
PASS NLTTTC keyboard, TOC, long header 768
PASS NLTTTC keyboard, TOC, long header 1366
PASS LTMQT keyboard, TOC, long header 320
PASS LTMQT keyboard, TOC, long header 390
PASS LTMQT keyboard, TOC, long header 768
PASS LTMQT keyboard, TOC, long header 1366
PASS VHDDTKD keyboard, TOC, long header 320
PASS VHDDTKD keyboard, TOC, long header 390
PASS VHDDTKD keyboard, TOC, long header 768
PASS VHDDTKD keyboard, TOC, long header 1366
PASS PTBV keyboard, TOC, long header 320
PASS PTBV keyboard, TOC, long header 390
PASS PTBV keyboard, TOC, long header 768
PASS PTBV keyboard, TOC, long header 1366
PASS STKN keyboard, TOC, long header 320
PASS STKN keyboard, TOC, long header 390
PASS STKN keyboard, TOC, long header 768
PASS STKN keyboard, TOC, long header 1366
PASS TLUD keyboard, TOC, long header 320
PASS TLUD keyboard, TOC, long header 390
PASS TLUD keyboard, TOC, long header 768
PASS TLUD keyboard, TOC, long header 1366
PASS NhapMonLuatHoc finite numeric renderer boundaries
PASS KTQT finite numeric renderer boundaries
PASS LTMQT finite numeric renderer boundaries
PASS NLTTTC finite numeric renderer boundaries
PASS NMLH contrast roles and reduced motion
PASS KTCTMLN contrast roles and reduced motion
PASS KTTC contrast roles and reduced motion
PASS NLKT contrast roles and reduced motion
PASS KTQT contrast roles and reduced motion
PASS TCCN contrast roles and reduced motion
PASS NLTTTC contrast roles and reduced motion
PASS LTMQT contrast roles and reduced motion
PASS VHDDTKD contrast roles and reduced motion
PASS PTBV contrast roles and reduced motion
PASS STKN contrast roles and reduced motion
PASS TLUD contrast roles and reduced motion
PASS NhapMonLuatHoc-LuyenDe contrast roles and reduced motion
PASS KTQT-LuyenDe contrast roles and reduced motion
PASS LTMQT-LuyenDe contrast roles and reduced motion
PASS NLTTTC-LuyenDe contrast roles and reduced motion
PASS TCCN-LuyenDe contrast roles and reduced motion
PASS NguyenLyKeToan-LuyenDe contrast roles and reduced motion
PASS NLKT actual touch flip
PASS NLTTTC actual touch flip
PASS STKN actual touch flip
PASS TLUD actual touch flip
PASS VHDDTKD actual touch flip
PASS PTBV modal viewport 320x568
PASS PTBV modal viewport 390x844
PASS PTBV modal viewport 844x390
PASS PTBV modal viewport 768x1024
