RENDER THEORY-NLKT-ch1-320
RENDER THEORY-NLKT-ch2-320
RENDER THEORY-NLKT-ch3-320
RENDER THEORY-NLKT-ch4-320
RENDER THEORY-NLKT-ch5-320
RENDER THEORY-NLKT-ch6-320
RENDER THEORY-NLKT-coa-320
RENDER THEORY-NLKT-review-320
RENDER THEORY-NLKT-ch1-390
RENDER THEORY-NLKT-ch2-390
RENDER THEORY-NLKT-ch3-390
RENDER THEORY-NLKT-ch4-390
RENDER THEORY-NLKT-ch5-390
RENDER THEORY-NLKT-ch6-390
RENDER THEORY-NLKT-coa-390
RENDER THEORY-NLKT-review-390
RENDER THEORY-NLKT-ch1-768
RENDER THEORY-NLKT-ch2-768
RENDER THEORY-NLKT-ch3-768
RENDER THEORY-NLKT-ch4-768
RENDER THEORY-NLKT-ch5-768
RENDER THEORY-NLKT-ch6-768
RENDER THEORY-NLKT-coa-768
RENDER THEORY-NLKT-review-768
RENDER THEORY-NLKT-ch1-1366
RENDER THEORY-NLKT-ch2-1366
RENDER THEORY-NLKT-ch3-1366
RENDER THEORY-NLKT-ch4-1366
RENDER THEORY-NLKT-ch5-1366
RENDER THEORY-NLKT-ch6-1366
RENDER THEORY-NLKT-coa-1366
RENDER THEORY-NLKT-review-1366
RENDER THEORY-KTTC-ch1-320
RENDER THEORY-KTTC-ch2-320
RENDER THEORY-KTTC-ch3-320
RENDER THEORY-KTTC-ch4-320
RENDER THEORY-KTTC-ch5-320
RENDER THEORY-KTTC-ch6-320
RENDER THEORY-KTTC-review-320  small prose:21
RENDER THEORY-KTTC-ch1-390
RENDER THEORY-KTTC-ch2-390
RENDER THEORY-KTTC-ch3-390
RENDER THEORY-KTTC-ch4-390
RENDER THEORY-KTTC-ch5-390
RENDER THEORY-KTTC-ch6-390
RENDER THEORY-KTTC-review-390  small prose:21
RENDER THEORY-KTTC-ch1-768
RENDER THEORY-KTTC-ch2-768
RENDER THEORY-KTTC-ch3-768
RENDER THEORY-KTTC-ch4-768
RENDER THEORY-KTTC-ch5-768
RENDER THEORY-KTTC-ch6-768
RENDER THEORY-KTTC-review-768  small prose:21
RENDER THEORY-KTTC-ch1-1366
RENDER THEORY-KTTC-ch2-1366
RENDER THEORY-KTTC-ch3-1366
RENDER THEORY-KTTC-ch4-1366
RENDER THEORY-KTTC-ch5-1366
RENDER THEORY-KTTC-ch6-1366
RENDER THEORY-KTTC-review-1366  small prose:21
RENDER THEORY-TCCN-ch1-320
RENDER THEORY-TCCN-ch2-320
RENDER THEORY-TCCN-ch3-320
RENDER THEORY-TCCN-ch4-320
RENDER THEORY-TCCN-ch5-320
RENDER THEORY-TCCN-ch6-320
RENDER THEORY-TCCN-review-320
RENDER THEORY-TCCN-ch1-390
RENDER THEORY-TCCN-ch2-390
RENDER THEORY-TCCN-ch3-390
RENDER THEORY-TCCN-ch4-390
RENDER THEORY-TCCN-ch5-390
RENDER THEORY-TCCN-ch6-390
RENDER THEORY-TCCN-review-390
RENDER THEORY-TCCN-ch1-768
RENDER THEORY-TCCN-ch2-768
RENDER THEORY-TCCN-ch3-768
RENDER THEORY-TCCN-ch4-768
RENDER THEORY-TCCN-ch5-768
RENDER THEORY-TCCN-ch6-768
RENDER THEORY-TCCN-review-768
RENDER THEORY-TCCN-ch1-1366
RENDER THEORY-TCCN-ch2-1366
RENDER THEORY-TCCN-ch3-1366
RENDER THEORY-TCCN-ch4-1366
RENDER THEORY-TCCN-ch5-1366
RENDER THEORY-TCCN-ch6-1366
RENDER THEORY-TCCN-review-1366
RENDER THEORY-KTQT-ch1-320
RENDER THEORY-KTQT-ch2-320
RENDER THEORY-KTQT-ch3-320
RENDER THEORY-KTQT-ch4-320
RENDER THEORY-KTQT-ch5-320
RENDER THEORY-KTQT-ch6-320
RENDER THEORY-KTQT-review-320
RENDER THEORY-KTQT-ch1-390
RENDER THEORY-KTQT-ch2-390
RENDER THEORY-KTQT-ch3-390
RENDER THEORY-KTQT-ch4-390
RENDER THEORY-KTQT-ch5-390
RENDER THEORY-KTQT-ch6-390
RENDER THEORY-KTQT-review-390
RENDER THEORY-KTQT-ch1-768
RENDER THEORY-KTQT-ch2-768
RENDER THEORY-KTQT-ch3-768
RENDER THEORY-KTQT-ch4-768
RENDER THEORY-KTQT-ch5-768
RENDER THEORY-KTQT-ch6-768
RENDER THEORY-KTQT-review-768
RENDER THEORY-KTQT-ch1-1366
RENDER THEORY-KTQT-ch2-1366
RENDER THEORY-KTQT-ch3-1366
RENDER THEORY-KTQT-ch4-1366
RENDER THEORY-KTQT-ch5-1366
RENDER THEORY-KTQT-ch6-1366
RENDER THEORY-KTQT-review-1366
RENDER THEORY-NMLH-ch1-320
RENDER THEORY-NMLH-ch2-320
RENDER THEORY-NMLH-ch3-320
RENDER THEORY-NMLH-ch4-320
RENDER THEORY-NMLH-ch5-320
RENDER THEORY-NMLH-ch6-320
RENDER THEORY-NMLH-ch7-320
RENDER THEORY-NMLH-ch1-390
RENDER THEORY-NMLH-ch2-390
RENDER THEORY-NMLH-ch3-390
RENDER THEORY-NMLH-ch4-390
RENDER THEORY-NMLH-ch5-390
RENDER THEORY-NMLH-ch6-390
RENDER THEORY-NMLH-ch7-390
RENDER THEORY-NMLH-ch1-768
RENDER THEORY-NMLH-ch2-768
RENDER THEORY-NMLH-ch3-768
RENDER THEORY-NMLH-ch4-768
RENDER THEORY-NMLH-ch5-768
RENDER THEORY-NMLH-ch6-768
RENDER THEORY-NMLH-ch7-768
RENDER THEORY-NMLH-ch1-1366
RENDER THEORY-NMLH-ch2-1366
RENDER THEORY-NMLH-ch3-1366
RENDER THEORY-NMLH-ch4-1366
RENDER THEORY-NMLH-ch5-1366
RENDER THEORY-NMLH-ch6-1366
RENDER THEORY-NMLH-ch7-1366
RENDER THEORY-KTCTMLN-ch1-320
RENDER THEORY-KTCTMLN-ch2-320
RENDER THEORY-KTCTMLN-ch3-320
RENDER THEORY-KTCTMLN-ch4-320
RENDER THEORY-KTCTMLN-ch5-320
RENDER THEORY-KTCTMLN-ch6-320
RENDER THEORY-KTCTMLN-ch1-390
RENDER THEORY-KTCTMLN-ch2-390
RENDER THEORY-KTCTMLN-ch3-390
RENDER THEORY-KTCTMLN-ch4-390
RENDER THEORY-KTCTMLN-ch5-390
RENDER THEORY-KTCTMLN-ch6-390
RENDER THEORY-KTCTMLN-ch1-768
RENDER THEORY-KTCTMLN-ch2-768
RENDER THEORY-KTCTMLN-ch3-768
RENDER THEORY-KTCTMLN-ch4-768
RENDER THEORY-KTCTMLN-ch5-768
RENDER THEORY-KTCTMLN-ch6-768
RENDER THEORY-KTCTMLN-ch1-1366
RENDER THEORY-KTCTMLN-ch2-1366
RENDER THEORY-KTCTMLN-ch3-1366
RENDER THEORY-KTCTMLN-ch4-1366
RENDER THEORY-KTCTMLN-ch5-1366
RENDER THEORY-KTCTMLN-ch6-1366
RENDER THEORY-NLTTTC-ch1-320
RENDER THEORY-NLTTTC-ch2-320  small prose:7
RENDER THEORY-NLTTTC-ch3-320
RENDER THEORY-NLTTTC-ch4-320
RENDER THEORY-NLTTTC-ch5-320
RENDER THEORY-NLTTTC-ch6-320
RENDER THEORY-NLTTTC-review-320
RENDER THEORY-NLTTTC-ch1-390
RENDER THEORY-NLTTTC-ch2-390  small prose:7
RENDER THEORY-NLTTTC-ch3-390
RENDER THEORY-NLTTTC-ch4-390
RENDER THEORY-NLTTTC-ch5-390
RENDER THEORY-NLTTTC-ch6-390
RENDER THEORY-NLTTTC-review-390
RENDER THEORY-NLTTTC-ch1-768
RENDER THEORY-NLTTTC-ch2-768  small prose:7
RENDER THEORY-NLTTTC-ch3-768
RENDER THEORY-NLTTTC-ch4-768
RENDER THEORY-NLTTTC-ch5-768
RENDER THEORY-NLTTTC-ch6-768
RENDER THEORY-NLTTTC-review-768
RENDER THEORY-NLTTTC-ch1-1366
RENDER THEORY-NLTTTC-ch2-1366  small prose:7
RENDER THEORY-NLTTTC-ch3-1366
RENDER THEORY-NLTTTC-ch4-1366
RENDER THEORY-NLTTTC-ch5-1366
RENDER THEORY-NLTTTC-ch6-1366
RENDER THEORY-NLTTTC-review-1366
RENDER THEORY-LTMQT-ch1-320
RENDER THEORY-LTMQT-ch2-320
RENDER THEORY-LTMQT-ch3-320
RENDER THEORY-LTMQT-ch4-320
RENDER THEORY-LTMQT-ch5-320
RENDER THEORY-LTMQT-ch1-390
RENDER THEORY-LTMQT-ch2-390
RENDER THEORY-LTMQT-ch3-390
RENDER THEORY-LTMQT-ch4-390
RENDER THEORY-LTMQT-ch5-390
RENDER THEORY-LTMQT-ch1-768
RENDER THEORY-LTMQT-ch2-768
RENDER THEORY-LTMQT-ch3-768
RENDER THEORY-LTMQT-ch4-768
RENDER THEORY-LTMQT-ch5-768
RENDER THEORY-LTMQT-ch1-1366
RENDER THEORY-LTMQT-ch2-1366
RENDER THEORY-LTMQT-ch3-1366
RENDER THEORY-LTMQT-ch4-1366
RENDER THEORY-LTMQT-ch5-1366
RENDER THEORY-VHDDTKD-ch1-320
RENDER THEORY-VHDDTKD-ch2-320
RENDER THEORY-VHDDTKD-ch3-320
RENDER THEORY-VHDDTKD-ch4-320
RENDER THEORY-VHDDTKD-ch5-320
RENDER THEORY-VHDDTKD-review-320
RENDER THEORY-VHDDTKD-ch1-390
RENDER THEORY-VHDDTKD-ch2-390
RENDER THEORY-VHDDTKD-ch3-390
RENDER THEORY-VHDDTKD-ch4-390
RENDER THEORY-VHDDTKD-ch5-390
RENDER THEORY-VHDDTKD-review-390
RENDER THEORY-VHDDTKD-ch1-768
RENDER THEORY-VHDDTKD-ch2-768
RENDER THEORY-VHDDTKD-ch3-768
RENDER THEORY-VHDDTKD-ch4-768
RENDER THEORY-VHDDTKD-ch5-768
RENDER THEORY-VHDDTKD-review-768
RENDER THEORY-VHDDTKD-ch1-1366
RENDER THEORY-VHDDTKD-ch2-1366
RENDER THEORY-VHDDTKD-ch3-1366
RENDER THEORY-VHDDTKD-ch4-1366
RENDER THEORY-VHDDTKD-ch5-1366
RENDER THEORY-VHDDTKD-review-1366
RENDER THEORY-PTBV-ch1-320
RENDER THEORY-PTBV-ch2-320
RENDER THEORY-PTBV-ch3-320
RENDER THEORY-PTBV-ch4-320
RENDER THEORY-PTBV-ch5-320
RENDER THEORY-PTBV-review-320
RENDER THEORY-PTBV-ch1-390
RENDER THEORY-PTBV-ch2-390
RENDER THEORY-PTBV-ch3-390
RENDER THEORY-PTBV-ch4-390
RENDER THEORY-PTBV-ch5-390
RENDER THEORY-PTBV-review-390
RENDER THEORY-PTBV-ch1-768
RENDER THEORY-PTBV-ch2-768
RENDER THEORY-PTBV-ch3-768
RENDER THEORY-PTBV-ch4-768
RENDER THEORY-PTBV-ch5-768
RENDER THEORY-PTBV-review-768
RENDER THEORY-PTBV-ch1-1366
RENDER THEORY-PTBV-ch2-1366
RENDER THEORY-PTBV-ch3-1366
RENDER THEORY-PTBV-ch4-1366
RENDER THEORY-PTBV-ch5-1366
RENDER THEORY-PTBV-review-1366
RENDER THEORY-STKN-ch1-320
RENDER THEORY-STKN-ch2-320
RENDER THEORY-STKN-ch3-320
RENDER THEORY-STKN-ch4-320
RENDER THEORY-STKN-ch5-320
RENDER THEORY-STKN-ch6-320
RENDER THEORY-STKN-ch7-320
RENDER THEORY-STKN-review-320
RENDER THEORY-STKN-ch1-390
RENDER THEORY-STKN-ch2-390
RENDER THEORY-STKN-ch3-390
RENDER THEORY-STKN-ch4-390
RENDER THEORY-STKN-ch5-390
RENDER THEORY-STKN-ch6-390
RENDER THEORY-STKN-ch7-390
RENDER THEORY-STKN-review-390
RENDER THEORY-STKN-ch1-768
RENDER THEORY-STKN-ch2-768
RENDER THEORY-STKN-ch3-768
RENDER THEORY-STKN-ch4-768
RENDER THEORY-STKN-ch5-768
RENDER THEORY-STKN-ch6-768
RENDER THEORY-STKN-ch7-768
RENDER THEORY-STKN-review-768
RENDER THEORY-STKN-ch1-1366
RENDER THEORY-STKN-ch2-1366
RENDER THEORY-STKN-ch3-1366
RENDER THEORY-STKN-ch4-1366
RENDER THEORY-STKN-ch5-1366
RENDER THEORY-STKN-ch6-1366
RENDER THEORY-STKN-ch7-1366
RENDER THEORY-STKN-review-1366
RENDER THEORY-TLUD-ch1-320
RENDER THEORY-TLUD-ch2-320
RENDER THEORY-TLUD-ch3-320
RENDER THEORY-TLUD-ch4-320
RENDER THEORY-TLUD-ch5-320
RENDER THEORY-TLUD-ch6-320
RENDER THEORY-TLUD-ch7-320
RENDER THEORY-TLUD-review-320
RENDER THEORY-TLUD-ch1-390
RENDER THEORY-TLUD-ch2-390
RENDER THEORY-TLUD-ch3-390
RENDER THEORY-TLUD-ch4-390
RENDER THEORY-TLUD-ch5-390
RENDER THEORY-TLUD-ch6-390
RENDER THEORY-TLUD-ch7-390
RENDER THEORY-TLUD-review-390
RENDER THEORY-TLUD-ch1-768
RENDER THEORY-TLUD-ch2-768
RENDER THEORY-TLUD-ch3-768
RENDER THEORY-TLUD-ch4-768
RENDER THEORY-TLUD-ch5-768
RENDER THEORY-TLUD-ch6-768
RENDER THEORY-TLUD-ch7-768
RENDER THEORY-TLUD-review-768
RENDER THEORY-TLUD-ch1-1366
RENDER THEORY-TLUD-ch2-1366
RENDER THEORY-TLUD-ch3-1366
RENDER THEORY-TLUD-ch4-1366
RENDER THEORY-TLUD-ch5-1366
RENDER THEORY-TLUD-ch6-1366
RENDER THEORY-TLUD-ch7-1366
RENDER THEORY-TLUD-review-1366
RENDER PRACTICE-NhapMonLuatHoc-LuyenDe-Tổng quan-320
RENDER PRACTICE-NhapMonLuatHoc-LuyenDe-Theo chương-320
RENDER PRACTICE-NhapMonLuatHoc-LuyenDe-Trắc nghiệm-320
RENDER PRACTICE-NhapMonLuatHoc-LuyenDe-Tổng quan-390
RENDER PRACTICE-NhapMonLuatHoc-LuyenDe-Theo chương-390
RENDER PRACTICE-NhapMonLuatHoc-LuyenDe-Trắc nghiệm-390
RENDER PRACTICE-NhapMonLuatHoc-LuyenDe-Tổng quan-768
RENDER PRACTICE-NhapMonLuatHoc-LuyenDe-Theo chương-768
RENDER PRACTICE-NhapMonLuatHoc-LuyenDe-Trắc nghiệm-768
RENDER PRACTICE-NhapMonLuatHoc-LuyenDe-Tổng quan-1366
RENDER PRACTICE-NhapMonLuatHoc-LuyenDe-Theo chương-1366
RENDER PRACTICE-NhapMonLuatHoc-LuyenDe-Trắc nghiệm-1366
RENDER PRACTICE-KTQT-LuyenDe-Tổng quan-320
RENDER PRACTICE-KTQT-LuyenDe-Theo chương-320
RENDER PRACTICE-KTQT-LuyenDe-Trắc nghiệm-320
RENDER PRACTICE-KTQT-LuyenDe-Tổng quan-390
RENDER PRACTICE-KTQT-LuyenDe-Theo chương-390
RENDER PRACTICE-KTQT-LuyenDe-Trắc nghiệm-390
RENDER PRACTICE-KTQT-LuyenDe-Tổng quan-768
RENDER PRACTICE-KTQT-LuyenDe-Theo chương-768
RENDER PRACTICE-KTQT-LuyenDe-Trắc nghiệm-768
RENDER PRACTICE-KTQT-LuyenDe-Tổng quan-1366
RENDER PRACTICE-KTQT-LuyenDe-Theo chương-1366
RENDER PRACTICE-KTQT-LuyenDe-Trắc nghiệm-1366
RENDER PRACTICE-LTMQT-LuyenDe-Tổng quan-320
RENDER PRACTICE-LTMQT-LuyenDe-Theo chương-320
RENDER PRACTICE-LTMQT-LuyenDe-Trắc nghiệm-320
RENDER PRACTICE-LTMQT-LuyenDe-Tổng quan-390
RENDER PRACTICE-LTMQT-LuyenDe-Theo chương-390
RENDER PRACTICE-LTMQT-LuyenDe-Trắc nghiệm-390
RENDER PRACTICE-LTMQT-LuyenDe-Tổng quan-768
RENDER PRACTICE-LTMQT-LuyenDe-Theo chương-768
RENDER PRACTICE-LTMQT-LuyenDe-Trắc nghiệm-768
RENDER PRACTICE-LTMQT-LuyenDe-Tổng quan-1366
RENDER PRACTICE-LTMQT-LuyenDe-Theo chương-1366
RENDER PRACTICE-LTMQT-LuyenDe-Trắc nghiệm-1366
RENDER PRACTICE-NLTTTC-LuyenDe-Tổng quan-320
RENDER PRACTICE-NLTTTC-LuyenDe-Theo chương-320
RENDER PRACTICE-NLTTTC-LuyenDe-Trắc nghiệm-320
RENDER PRACTICE-NLTTTC-LuyenDe-Tổng quan-390
RENDER PRACTICE-NLTTTC-LuyenDe-Theo chương-390
RENDER PRACTICE-NLTTTC-LuyenDe-Trắc nghiệm-390
RENDER PRACTICE-NLTTTC-LuyenDe-Tổng quan-768
RENDER PRACTICE-NLTTTC-LuyenDe-Theo chương-768
RENDER PRACTICE-NLTTTC-LuyenDe-Trắc nghiệm-768
RENDER PRACTICE-NLTTTC-LuyenDe-Tổng quan-1366
RENDER PRACTICE-NLTTTC-LuyenDe-Theo chương-1366
RENDER PRACTICE-NLTTTC-LuyenDe-Trắc nghiệm-1366
RENDER PRACTICE-TCCN-LuyenDe-Tổng quan-320
RENDER PRACTICE-TCCN-LuyenDe-Theo chương-320
RENDER PRACTICE-TCCN-LuyenDe-Test 20 câu-320
RENDER PRACTICE-TCCN-LuyenDe-Luyện thi-320
RENDER PRACTICE-TCCN-LuyenDe-Câu sai-320
RENDER PRACTICE-TCCN-LuyenDe-Tổng quan-390
RENDER PRACTICE-TCCN-LuyenDe-Theo chương-390
RENDER PRACTICE-TCCN-LuyenDe-Test 20 câu-390
RENDER PRACTICE-TCCN-LuyenDe-Luyện thi-390
RENDER PRACTICE-TCCN-LuyenDe-Câu sai-390
RENDER PRACTICE-TCCN-LuyenDe-Tổng quan-768
RENDER PRACTICE-TCCN-LuyenDe-Theo chương-768
RENDER PRACTICE-TCCN-LuyenDe-Test 20 câu-768
RENDER PRACTICE-TCCN-LuyenDe-Luyện thi-768
RENDER PRACTICE-TCCN-LuyenDe-Câu sai-768
RENDER PRACTICE-TCCN-LuyenDe-Tổng quan-1366
RENDER PRACTICE-TCCN-LuyenDe-Theo chương-1366
RENDER PRACTICE-TCCN-LuyenDe-Test 20 câu-1366
RENDER PRACTICE-TCCN-LuyenDe-Luyện thi-1366
RENDER PRACTICE-TCCN-LuyenDe-Câu sai-1366
RENDER PRACTICE-NguyenLyKeToan-LuyenDe-Tổng quan-320
RENDER PRACTICE-NguyenLyKeToan-LuyenDe-Theo chương-320
RENDER PRACTICE-NguyenLyKeToan-LuyenDe-Trắc nghiệm-320
RENDER PRACTICE-NguyenLyKeToan-LuyenDe-Luyện đề-320
RENDER PRACTICE-NguyenLyKeToan-LuyenDe-Tổng quan-390
RENDER PRACTICE-NguyenLyKeToan-LuyenDe-Theo chương-390
RENDER PRACTICE-NguyenLyKeToan-LuyenDe-Trắc nghiệm-390
RENDER PRACTICE-NguyenLyKeToan-LuyenDe-Luyện đề-390
RENDER PRACTICE-NguyenLyKeToan-LuyenDe-Tổng quan-768
RENDER PRACTICE-NguyenLyKeToan-LuyenDe-Theo chương-768
RENDER PRACTICE-NguyenLyKeToan-LuyenDe-Trắc nghiệm-768
RENDER PRACTICE-NguyenLyKeToan-LuyenDe-Luyện đề-768
RENDER PRACTICE-NguyenLyKeToan-LuyenDe-Tổng quan-1366
RENDER PRACTICE-NguyenLyKeToan-LuyenDe-Theo chương-1366
RENDER PRACTICE-NguyenLyKeToan-LuyenDe-Trắc nghiệm-1366
RENDER PRACTICE-NguyenLyKeToan-LuyenDe-Luyện đề-1366
RENDER HOME-home-homepage-320  small prose:1
RENDER HOME-home-homepage-390  small prose:1
RENDER HOME-home-homepage-768  small prose:2
RENDER HOME-home-homepage-1366  small prose:2
