PASS NguyenLyKeToan-LuyenDe: blank/zero, duplicate submit, locked answers, explanations, retry and blocked storage
PASS KTQT-LuyenDe: blank/zero, duplicate submit, locked answers, explanations, retry and blocked storage
PASS NhapMonLuatHoc-LuyenDe: blank/zero, duplicate submit, locked answers, explanations, retry and blocked storage
PASS NLTTTC-LuyenDe: blank/zero, duplicate submit, locked answers, explanations, retry and blocked storage
PASS LTMQT-LuyenDe: blank/zero, duplicate submit, locked answers, explanations, retry and blocked storage
PASS Accounting: wrong/change/submit twice, lock, reset, return category
PASS Accounting: every MCQ key maps to full score and one saved attempt
PASS Accounting: duplicate question IDs rejected in incoming sets
PASS Finance: exam change answer, submit twice, lock, unanswered, retake
PASS Finance: study first-answer lock and final summary are stable
PASS Finance: clock catches elapsed time and submits once
PASS Finance: malformed stored values do not break practice
PASS Finance: storage unavailable still allows scoring and retry
PASS Finance: all chapter banks and randomized sets have unique questions and accurate keys
PASS KTQT: wrong/change/submit twice, lock, reset, return category
PASS KTQT: every MCQ key maps to full score
PASS NMLH: wrong/change/submit twice, lock, reset, return category
PASS NMLH: every MCQ key maps to full score
PASS NLTTTC: wrong/change/submit twice, lock, reset, return category
PASS NLTTTC: every MCQ key maps to full score
PASS LTMQT: wrong/change/submit twice, lock, reset, return category
PASS LTMQT: every MCQ key maps to full score
PASS Practice routes, theory links and six viewport widths
