PASS KE_TOAN_TAI_CHINH.html: chapters, headers, tools and profile
PASS KINH_TE_QUOC_TE.html: chapters, headers, tools and profile
PASS KinhTeChinhTriMacLeNin.html: chapters, headers, tools and profile
PASS LUAT_THUONG_MAI_QUOC_TE.html: chapters, headers, tools and profile
PASS NGUYEN_LY_KE_TOAN.html: chapters, headers, tools and profile
PASS NGUYEN_LY_THI_TRUONG_TAI_CHINH.html: chapters, headers, tools and profile
PASS NhapMonLuatHoc.html: chapters, headers, tools and profile
PASS PHAT_TRIEN_BEN_VUNG.html: chapters, headers, tools and profile
PASS SANG_TAO_KHOI_NGHIEP.html: chapters, headers, tools and profile
PASS TAI_CHINH_CA_NHAN.html: chapters, headers, tools and profile
PASS TAM_LY_UNG_DUNG.html: chapters, headers, tools and profile
PASS VAN_HOA_VA_DAO_DUC_TRONG_KINH_DOANH_QUOC_TE.html: chapters, headers, tools and profile
PASS Accounting theory choices respond and classification works with keyboard
PASS Guest modal focus, short viewport, Escape and clean routes
PASS Login deduplication, profile fallback, listener cleanup, keyboard logout
PASS Popup cancellation and logout failure remain usable
PASS Idle initialization, expiry, activity, and stalled presence writes
PASS Online configuration handles malformed data
PASS Practice: accounting quiz grading, retry, solutions, and failed cloud writes
PASS Practice: finance quick quiz, exam, timer, mistakes, and restart
PASS Current subject calculators and visual replays respond to input
PASS Admin responsive controls and history modal
