{"file":"404.html","errors":[],"consoleErrors":[],"failedRequests":[],"duplicateIds":[],"missingHandlers":[],"brokenLinks":[],"issues":[]}
{"file":"admin.html","errors":[],"consoleErrors":[],"failedRequests":[],"duplicateIds":[],"missingHandlers":[],"brokenLinks":[],"issues":[]}
{"file":"index.html","errors":[],"consoleErrors":[],"failedRequests":[],"duplicateIds":[],"missingHandlers":[],"brokenLinks":[],"issues":[]}
{"file":"KE_TOAN_TAI_CHINH.html","errors":[],"consoleErrors":[],"failedRequests":[],"duplicateIds":[],"missingHandlers":[],"brokenLinks":[],"issues":[]}
{"file":"KinhTeChinhTriMacLeNin.html","errors":[],"consoleErrors":[],"failedRequests":[],"duplicateIds":[],"missingHandlers":[],"brokenLinks":[],"issues":[]}
{"file":"KINH_TE_QUOC_TE.html","errors":[],"consoleErrors":[],"failedRequests":[],"duplicateIds":[],"missingHandlers":[],"brokenLinks":[],"issues":[]}
{"file":"KTQT-LuyenDe.html","errors":[],"consoleErrors":[],"failedRequests":[],"duplicateIds":[],"missingHandlers":[],"brokenLinks":[],"issues":[]}
{"file":"LTMQT-LuyenDe.html","errors":[],"consoleErrors":[],"failedRequests":[],"duplicateIds":[],"missingHandlers":[],"brokenLinks":[],"issues":[]}
{"file":"LUAT_THUONG_MAI_QUOC_TE.html","errors":[],"consoleErrors":[],"failedRequests":[],"duplicateIds":[],"missingHandlers":[],"brokenLinks":[],"issues":[]}
{"file":"NguyenLyKeToan-LuyenDe.html","errors":[],"consoleErrors":[],"failedRequests":[],"duplicateIds":[],"missingHandlers":[],"brokenLinks":[],"issues":[]}
{"file":"NGUYEN_LY_KE_TOAN.html","errors":[],"consoleErrors":[],"failedRequests":[],"duplicateIds":[],"missingHandlers":[],"brokenLinks":[],"issues":[]}
{"file":"NGUYEN_LY_THI_TRUONG_TAI_CHINH.html","errors":[],"consoleErrors":[],"failedRequests":[],"duplicateIds":[],"missingHandlers":[],"brokenLinks":[],"issues":[]}
{"file":"NhapMonLuatHoc-LuyenDe.html","errors":[],"consoleErrors":[],"failedRequests":[],"duplicateIds":[],"missingHandlers":[],"brokenLinks":[],"issues":[]}
{"file":"NhapMonLuatHoc.html","errors":[],"consoleErrors":[],"failedRequests":[],"duplicateIds":[],"missingHandlers":[],"brokenLinks":[],"issues":[]}
{"file":"NLTTTC-LuyenDe.html","errors":[],"consoleErrors":[],"failedRequests":[],"duplicateIds":[],"missingHandlers":[],"brokenLinks":[],"issues":[]}
{"file":"PHAT_TRIEN_BEN_VUNG.html","errors":[],"consoleErrors":[],"failedRequests":[],"duplicateIds":[],"missingHandlers":[],"brokenLinks":[],"issues":[]}
{"file":"privacy.html","errors":[],"consoleErrors":[],"failedRequests":[],"duplicateIds":[],"missingHandlers":[],"brokenLinks":[],"issues":[]}
{"file":"SANG_TAO_KHOI_NGHIEP.html","errors":[],"consoleErrors":[],"failedRequests":[],"duplicateIds":[],"missingHandlers":[],"brokenLinks":[],"issues":[]}
{"file":"TAI_CHINH_CA_NHAN.html","errors":[],"consoleErrors":[],"failedRequests":[],"duplicateIds":[],"missingHandlers":[],"brokenLinks":[],"issues":[]}
{"file":"TAM_LY_UNG_DUNG.html","errors":[],"consoleErrors":[],"failedRequests":[],"duplicateIds":[],"missingHandlers":[],"brokenLinks":[],"issues":[]}
{"file":"TCCN-LuyenDe.html","errors":[],"consoleErrors":[],"failedRequests":[],"duplicateIds":[],"missingHandlers":[],"brokenLinks":[],"issues":[]}
{"file":"VAN_HOA_VA_DAO_DUC_TRONG_KINH_DOANH_QUOC_TE.html","errors":[],"consoleErrors":[],"failedRequests":[],"duplicateIds":[],"missingHandlers":[],"brokenLinks":[],"issues":[]}
