RENDER THEORY-KTTC-ch1-320
RENDER THEORY-KTTC-ch2-320
RENDER THEORY-KTTC-ch3-320
RENDER THEORY-KTTC-ch4-320
RENDER THEORY-KTTC-ch5-320
RENDER THEORY-KTTC-ch6-320
RENDER THEORY-KTTC-review-320
RENDER THEORY-KTTC-ch1-390
RENDER THEORY-KTTC-ch2-390
RENDER THEORY-KTTC-ch3-390
RENDER THEORY-KTTC-ch4-390
RENDER THEORY-KTTC-ch5-390
RENDER THEORY-KTTC-ch6-390
RENDER THEORY-KTTC-review-390
RENDER THEORY-KTTC-ch1-768
RENDER THEORY-KTTC-ch2-768
RENDER THEORY-KTTC-ch3-768
RENDER THEORY-KTTC-ch4-768
RENDER THEORY-KTTC-ch5-768
RENDER THEORY-KTTC-ch6-768
RENDER THEORY-KTTC-review-768
RENDER THEORY-KTTC-ch1-1366
RENDER THEORY-KTTC-ch2-1366
RENDER THEORY-KTTC-ch3-1366
RENDER THEORY-KTTC-ch4-1366
RENDER THEORY-KTTC-ch5-1366
RENDER THEORY-KTTC-ch6-1366
RENDER THEORY-KTTC-review-1366
RENDER THEORY-TCCN-ch1-320
RENDER THEORY-TCCN-ch2-320
RENDER THEORY-TCCN-ch3-320
RENDER THEORY-TCCN-ch4-320
RENDER THEORY-TCCN-ch5-320
RENDER THEORY-TCCN-ch6-320
RENDER THEORY-TCCN-review-320
RENDER THEORY-TCCN-ch1-390
RENDER THEORY-TCCN-ch2-390
RENDER THEORY-TCCN-ch3-390
RENDER THEORY-TCCN-ch4-390
RENDER THEORY-TCCN-ch5-390
RENDER THEORY-TCCN-ch6-390
RENDER THEORY-TCCN-review-390
RENDER THEORY-TCCN-ch1-768
RENDER THEORY-TCCN-ch2-768
RENDER THEORY-TCCN-ch3-768
RENDER THEORY-TCCN-ch4-768
RENDER THEORY-TCCN-ch5-768
RENDER THEORY-TCCN-ch6-768
RENDER THEORY-TCCN-review-768
RENDER THEORY-TCCN-ch1-1366
RENDER THEORY-TCCN-ch2-1366
RENDER THEORY-TCCN-ch3-1366
RENDER THEORY-TCCN-ch4-1366
RENDER THEORY-TCCN-ch5-1366
RENDER THEORY-TCCN-ch6-1366
RENDER THEORY-TCCN-review-1366
RENDER THEORY-KTQT-ch1-320
RENDER THEORY-KTQT-ch2-320
RENDER THEORY-KTQT-ch3-320
RENDER THEORY-KTQT-ch4-320
RENDER THEORY-KTQT-ch5-320
RENDER THEORY-KTQT-ch6-320
RENDER THEORY-KTQT-review-320
RENDER THEORY-KTQT-ch1-390
RENDER THEORY-KTQT-ch2-390
RENDER THEORY-KTQT-ch3-390
RENDER THEORY-KTQT-ch4-390
RENDER THEORY-KTQT-ch5-390
RENDER THEORY-KTQT-ch6-390
RENDER THEORY-KTQT-review-390
RENDER THEORY-KTQT-ch1-768
RENDER THEORY-KTQT-ch2-768
RENDER THEORY-KTQT-ch3-768
RENDER THEORY-KTQT-ch4-768
RENDER THEORY-KTQT-ch5-768
RENDER THEORY-KTQT-ch6-768
RENDER THEORY-KTQT-review-768
RENDER THEORY-KTQT-ch1-1366
RENDER THEORY-KTQT-ch2-1366
RENDER THEORY-KTQT-ch3-1366
RENDER THEORY-KTQT-ch4-1366
RENDER THEORY-KTQT-ch5-1366
RENDER THEORY-KTQT-ch6-1366
RENDER THEORY-KTQT-review-1366
RENDER HOME-home-homepage-320 small prose:1
RENDER HOME-home-homepage-390 small prose:1
RENDER HOME-home-homepage-768 small prose:2
RENDER HOME-home-homepage-1366 small prose:2
