THEORY-NLKT-ch1-320 244 7 failures 0
THEORY-NLKT-ch2-320 236 16 failures 0
THEORY-NLKT-ch3-320 287 15 failures 0
THEORY-NLKT-ch4-320 146 34 failures 0
THEORY-NLKT-ch5-320 235 5 failures 0
THEORY-NLKT-ch6-320 199 13 failures 0
THEORY-NLKT-coa-320 952 0 failures 0
THEORY-NLKT-review-320 185 116 failures 0
THEORY-KTTC-ch1-320 598 62 failures 0
THEORY-KTTC-ch2-320 232 16 failures 0
THEORY-KTTC-ch3-320 263 18 failures 0
THEORY-KTTC-ch4-320 266 17 failures 0
THEORY-KTTC-ch5-320 203 13 failures 0
THEORY-KTTC-ch6-320 311 24 failures 0
THEORY-KTTC-review-320 849 19 failures 0
THEORY-TCCN-ch1-320 329 133 failures 0
THEORY-TCCN-ch2-320 264 67 failures 0
THEORY-TCCN-ch3-320 243 92 failures 0
THEORY-TCCN-ch4-320 1001 150 failures 0
THEORY-TCCN-ch5-320 371 113 failures 0
THEORY-TCCN-ch6-320 337 122 failures 0
THEORY-TCCN-review-320 402 108 failures 0
THEORY-KTQT-ch1-320 339 12 failures 0
THEORY-KTQT-ch2-320 252 3 failures 0
THEORY-KTQT-ch3-320 187 3 failures 0
THEORY-KTQT-ch4-320 244 3 failures 0
THEORY-KTQT-ch5-320 192 0 failures 0
THEORY-KTQT-ch6-320 164 0 failures 0
THEORY-KTQT-review-320 350 0 failures 0
THEORY-NMLH-ch1-320 92 5 failures 0
THEORY-NMLH-ch2-320 76 6 failures 0
THEORY-NMLH-ch3-320 87 8 failures 0
THEORY-NMLH-ch4-320 75 0 failures 0
THEORY-NMLH-ch5-320 84 0 failures 0
THEORY-NMLH-ch6-320 99 0 failures 0
THEORY-NMLH-ch7-320 73 0 failures 0
THEORY-KTCTMLN-ch1-320 62 0 failures 0
THEORY-KTCTMLN-ch2-320 106 0 failures 0
THEORY-KTCTMLN-ch3-320 74 0 failures 0
THEORY-KTCTMLN-ch4-320 56 0 failures 0
THEORY-KTCTMLN-ch5-320 47 0 failures 0
THEORY-KTCTMLN-ch6-320 48 0 failures 0
THEORY-NLTTTC-ch1-320 310 0 failures 0
THEORY-NLTTTC-ch2-320 414 0 failures 0
THEORY-NLTTTC-ch3-320 171 0 failures 0
THEORY-NLTTTC-ch4-320 142 0 failures 0
THEORY-NLTTTC-ch5-320 287 0 failures 0
THEORY-NLTTTC-ch6-320 147 0 failures 0
THEORY-NLTTTC-review-320 319 0 failures 0
THEORY-LTMQT-ch1-320 495 13 failures 0
THEORY-LTMQT-ch2-320 199 3 failures 0
THEORY-LTMQT-ch3-320 275 0 failures 0
THEORY-LTMQT-ch4-320 427 3 failures 0
THEORY-LTMQT-ch5-320 350 7 failures 0
THEORY-VHDDTKD-ch1-320 305 36 failures 0
THEORY-VHDDTKD-ch2-320 490 84 failures 0
THEORY-VHDDTKD-ch3-320 282 32 failures 0
THEORY-VHDDTKD-ch4-320 332 20 failures 0
THEORY-VHDDTKD-ch5-320 151 9 failures 0
THEORY-VHDDTKD-review-320 125 24 failures 0
THEORY-PTBV-ch1-320 290 24 failures 0
THEORY-PTBV-ch2-320 172 17 failures 0
THEORY-PTBV-ch3-320 320 25 failures 0
THEORY-PTBV-ch4-320 325 19 failures 0
THEORY-PTBV-ch5-320 350 22 failures 0
THEORY-PTBV-review-320 81 0 failures 0
THEORY-STKN-ch1-320 372 67 failures 0
THEORY-STKN-ch2-320 286 29 failures 0
THEORY-STKN-ch3-320 196 32 failures 0
THEORY-STKN-ch4-320 363 59 failures 0
THEORY-STKN-ch5-320 133 24 failures 0
THEORY-STKN-ch6-320 380 43 failures 0
THEORY-STKN-ch7-320 472 74 failures 0
THEORY-STKN-review-320 115 0 failures 0
THEORY-TLUD-ch1-320 205 3 failures 0
THEORY-TLUD-ch2-320 161 10 failures 0
THEORY-TLUD-ch3-320 287 0 failures 0
THEORY-TLUD-ch4-320 192 0 failures 0
THEORY-TLUD-ch5-320 109 0 failures 0
THEORY-TLUD-ch6-320 85 0 failures 0
THEORY-TLUD-ch7-320 63 0 failures 0
THEORY-TLUD-review-320 85 1 failures 0
PRACTICE-NhapMonLuatHoc-LuyenDe-Tổng quan-320 21 0 failures 0
PRACTICE-NhapMonLuatHoc-LuyenDe-Theo chương-320 40 0 failures 0
PRACTICE-NhapMonLuatHoc-LuyenDe-Trắc nghiệm-320 18 0 failures 0
PRACTICE-KTQT-LuyenDe-Tổng quan-320 21 0 failures 0
PRACTICE-KTQT-LuyenDe-Theo chương-320 51 0 failures 0
PRACTICE-KTQT-LuyenDe-Trắc nghiệm-320 18 0 failures 0
PRACTICE-LTMQT-LuyenDe-Tổng quan-320 21 0 failures 0
PRACTICE-LTMQT-LuyenDe-Theo chương-320 62 0 failures 0
PRACTICE-LTMQT-LuyenDe-Trắc nghiệm-320 18 0 failures 0
PRACTICE-NLTTTC-LuyenDe-Tổng quan-320 21 0 failures 0
PRACTICE-NLTTTC-LuyenDe-Theo chương-320 73 0 failures 0
PRACTICE-NLTTTC-LuyenDe-Trắc nghiệm-320 18 0 failures 0
PRACTICE-TCCN-LuyenDe-Tổng quan-320 29 0 failures 0
PRACTICE-TCCN-LuyenDe-Theo chương-320 35 0 failures 0
PRACTICE-TCCN-LuyenDe-Test 20 câu-320 15 0 failures 0
PRACTICE-TCCN-LuyenDe-Luyện thi-320 47 0 failures 0
PRACTICE-TCCN-LuyenDe-Câu sai-320 10 0 failures 0
PRACTICE-NguyenLyKeToan-LuyenDe-Tổng quan-320 27 0 failures 0
PRACTICE-NguyenLyKeToan-LuyenDe-Theo chương-320 40 0 failures 0
PRACTICE-NguyenLyKeToan-LuyenDe-Trắc nghiệm-320 29 0 failures 0
PRACTICE-NguyenLyKeToan-LuyenDe-Luyện đề-320 51 0 failures 0
HOME-home-homepage-320 104 7 failures 0
